// Jest Snapshot v1, https://goo.gl/fbAQLP

exports[`if authenticated should render Redirect if authenticated 1`] = `
<Redirect
  push={false}
  to="fallback url"
/>
`;

exports[`if not authenticated should render public-only route if not authenticated 1`] = `
<Route
  prop1="a prop"
  prop2="another prop"
/>
`;
