// Jest Snapshot v1, https://goo.gl/fbAQLP

exports[`should render PortfolioPage 1`] = `
<div>
  <Connect(ImageDetailModal) />
  <div
    className="content-container"
  >
    <Component>
      <ImageCard
        description="Putarem quodque tamquam ii ob an deumque. Me assequi sapores ab verarum. Mei qui religionis nam fas devenietur ponderibus. Junctae invenit plausum differt de ipsamet externo is. Mutationum sui negationem exponuntur"
        fileUrl="www.google.com"
        id={1000}
        key="1000"
        onImageClick={[Function]}
        subtitle="Dec 31, 2017"
        title="Kowloon"
      />
      <ImageCard
        description="Veniebant sex videbatur assignare eas. Ima secundum synopsis imponere spectant. realitatem aliquamdiu hoc eam requiratur pro."
        fileUrl="www.google.com"
        id={1001}
        key="1001"
        onImageClick={[Function]}
        subtitle="Jan 18, 2018"
        title="Hong Kong Island"
      />
      <ImageCard
        description="Oculis nondum fusius sub ens urgeat fuerit rea sum. Paulo his novas somno audio nia. Religio lor ordinis propria habemus cui. Cohaereant vis sim consistere ope concipitur imaginabor afferuntur."
        fileUrl="www.google.com"
        id={1002}
        key="1002"
        onImageClick={[Function]}
        subtitle="Jan 1, 2018"
        title="Causeway Bay"
      />
      <ImageCard
        description="Eoex deumque reddere publice ea similes attinet. Sensuum acgifallant incipit."
        fileUrl="www.google.com"
        id={1003}
        key="1003"
        onImageClick={[Function]}
        subtitle="April 27, 2017"
        title="Shenzhen"
      />
      <ImageCard
        description="Vocem id alias to curam multi brevi in novam ii. Ima secundum synopsis."
        fileUrl="www.google.com"
        id={1004}
        key="1004"
        onImageClick={[Function]}
        subtitle="Oct 9, 2016"
        title="Shanghai"
      />
    </Component>
  </div>
</div>
`;
